=== SAIHV / J.A.I.S.S. EXECUTION AUDIT LOG ===
Timestamp: 2026-08-15 10:00:23
Location : C:\J.A.I.S.S\LAB
----------------------------------------------
TaskID: AI_TASK_001 | Gate: Gate1_MobiusOrigin
Action: Compute vector dot-product on input tensor [0.82, 0.18, 0.95]
Reason: Enforces deterministic noise pruning before token generation
Output: [0.645, 0.141, 0.747] (Normalized)
----------------------------------------------
TaskID: AI_TASK_002 | Gate: Gate3_ResearchTool
Action: Evaluate incoming sequence against local threat telemetry signature
Reason: Verifies hardware-agnostic isolation for MLIP security analysis
Output: MATCH_VERIFIED (0x3A8F291) - Quarantine Enforced
----------------------------------------------
TaskID: AI_TASK_003 | Gate: Gate8_Ceiling
Action: Evaluate active context ceiling (Target <= 0.80)
Reason: Reserves 20% overwatch buffer for TJP supervisor control
Output: ACTIVE_RATIO: 0.742 (PASS - Within 0.80 Ceiling)
----------------------------------------------

----------------------------------------------
TaskID: AI_TASK_004 | Gate: Live_Telemetry_Hook
Timestamp: 2026-08-18 08:39:08
Action: Verify dynamic logging and binary persistence pipeline in LAB
Reason: Plug logging disconnect between C:\J.A.I.S.S\LAB and SAIHV Audit log
Output: TELEMETRY_PIPELINE_ACTIVE (OK)
----------------------------------------------

----------------------------------------------
TaskID: AI_TASK_007_CLEAN | Gate: OoO_6Stage_Harness
Timestamp: 2026-08-18 08:50:42
Action: Evaluate candidate delta through Stage 4 Isolated Audit
Metrics: ContextRatio=0.68 | EntropyScore=0.08 | ThreatPattern=False
Output: STATUS=COMMITTED_AND_FLUSHED | BrainStateSize=40 Bytes
----------------------------------------------

----------------------------------------------
TaskID: AI_TASK_008_THREAT_BLOCKED | Gate: OoO_6Stage_Harness
Timestamp: 2026-08-18 08:50:42
Action: Evaluate candidate delta through Stage 4 Isolated Audit
Metrics: ContextRatio=0.74 | EntropyScore=0.82 | ThreatPattern=True
Output: STATUS=PRUNED_INVARIANT_VIOLATION | BrainStateSize=40 Bytes
----------------------------------------------

----------------------------------------------
TaskID: LOCKIN_TEST_001_STEM | Primitive: jaiss_stem_primitives.bin
Timestamp: 2026-08-18 08:53:02
Metrics: Ratio=0.71 | Entropy=0.14 | Threat=False
Output: Status=COMMITTED_LOCKED_STATE | BrainStateSize=48 Bytes
----------------------------------------------

----------------------------------------------
TaskID: LOCKIN_TEST_002_GENE | Primitive: gene_generator_primitives.bin
Timestamp: 2026-08-18 08:53:02
Metrics: Ratio=0.76 | Entropy=0.22 | Threat=False
Output: Status=COMMITTED_LOCKED_STATE | BrainStateSize=56 Bytes
----------------------------------------------

----------------------------------------------
TaskID: SOTA_2026_STRESS_001 | Primitive: jaiss_stem_primitives.bin
Timestamp: 2026-08-18 08:59:46
Metrics: Ratio=0.85 | Entropy=0.12 | Threat=False
Output: Status=ABORTED_STAGE3_CEILING_BREACH | BrainStateSize=56 Bytes
----------------------------------------------

----------------------------------------------
TaskID: SOTA_2026_STRESS_002 | Primitive: gene_generator_primitives.bin
Timestamp: 2026-08-18 08:59:46
Metrics: Ratio=0.72 | Entropy=0.58 | Threat=False
Output: Status=ABORTED_STAGE4_INVARIANT_VIOLATION | BrainStateSize=56 Bytes
----------------------------------------------

----------------------------------------------
TaskID: ADAPT_TEST_001_CONTEXT_SPIKE | Primitive: jaiss_stem_primitives.bin
Timestamp: 2026-08-18 09:03:37
Metrics: Ratio=0.73 | Entropy=0.28 | Threat=False
Output: Status=COMMITTED_LOCKED_STATE | BrainStateSize=64 Bytes
----------------------------------------------

----------------------------------------------
TaskID: ADAPT_TEST_002_ENTROPY_NOISE | Primitive: gene_generator_primitives.bin
Timestamp: 2026-08-18 09:03:37
Metrics: Ratio=0.68 | Entropy=0.38 | Threat=False
Output: Status=COMMITTED_LOCKED_STATE | BrainStateSize=72 Bytes
----------------------------------------------

----------------------------------------------
TaskID: ADAPT_TEST_003_THREAT_INJECT | Primitive: jaiss_stem_primitives.bin
Timestamp: 2026-08-18 09:03:37
Metrics: Ratio=0.68 | Entropy=0.28 | Threat=True
Output: Status=ABORTED_STAGE4_INVARIANT_VIOLATION | BrainStateSize=72 Bytes
----------------------------------------------

----------------------------------------------
TaskID: BENCH_REDTEAM_UNFINISHED_001 | Primitive: jaiss_stem_primitives.bin
Timestamp: 2026-08-18 09:10:08
Metrics: Ratio=0.78 | Entropy=0.68 | Threat=True
Output: Status=ABORTED_STAGE4_INVARIANT_VIOLATION | BrainStateSize=72 Bytes
----------------------------------------------
